> hvigor [32mFinished :entry:default@PreBuild... after 99 ms [39m
> hvigor [32mFinished :entry:default@CreateModuleInfo... after 1 ms [39m
> hvigor [32mFinished :entry:default@GenerateMetadata... after 2 ms [39m
> hvigor [32mFinished :entry:default@ConfigureCmake... after 1 ms [39m
> hvigor [32mFinished :entry:default@MergeProfile... after 21 ms [39m
> hvigor [32mUP-TO-DATE :entry:default@CreateBuildProfile...  [39m
> hvigor [32mFinished :entry:default@PreCheckSyscap... after 1 ms [39m
> hvigor [32mFinished :entry:default@GeneratePkgContextInfo... after 5 ms [39m
> hvigor [32mUP-TO-DATE :entry:default@GeneratePkgSdkInfo...  [39m
> hvigor [32mFinished :entry:default@ProcessIntegratedHsp... after 1 ms [39m
> hvigor [32mFinished :entry:default@BuildNativeWithCmake... after 1 ms [39m
> hvigor [32mFinished :entry:default@MakePackInfo... after 2 ms [39m
> hvigor [32mFinished :entry:default@SyscapTransform... after 8 ms [39m
> hvigor [32mFinished :entry:default@ProcessProfile... after 74 ms [39m
> hvigor [32mFinished :entry:default@ProcessRouterMap... after 2 ms [39m
> hvigor [32mFinished :entry:default@ProcessShareConfig... after 2 ms [39m
> hvigor [32mFinished :entry:default@ProcessStartupConfig... after 1 ms [39m
> hvigor [32mFinished :entry:default@BuildNativeWithNinja... after 1 ms [39m
> hvigor [32mUP-TO-DATE :entry:default@ProcessResource...  [39m
> hvigor [32mFinished :entry:default@GenerateLoaderJson... after 6 ms [39m
> hvigor [32mUP-TO-DATE :entry:default@ProcessLibs...  [39m
> hvigor WARN: Warning: 'app_name' conflict, first declared.
at E:\codexproject\YellowRiverMemory\AppScope\resources\base\element\string.json
but declared again.
at E:\codexproject\YellowRiverMemory\entry\src\main\resources\base\element\string.json

> hvigor [32mFinished :entry:default@CompileResource... after 225 ms [39m
> hvigor [32mUP-TO-DATE :entry:default@DoNativeStrip...  [39m
> hvigor [32mFinished :entry:default@BuildJS... after 2 ms [39m
> hvigor [32mUP-TO-DATE :entry:default@CacheNativeLibs...  [39m
> hvigor WARN: WARN: ArkTS:WARN File: E:/codexproject/YellowRiverMemory/entry/src/main/ets/common/utils/PreferencesHelper.ets:52:24
 Function may throw exceptions. Special handling is required.

WARN: ArkTS:WARN File: E:/codexproject/YellowRiverMemory/entry/src/main/ets/common/utils/PreferencesHelper.ets:57:16
 Function may throw exceptions. Special handling is required.

WARN: ArkTS:WARN File: E:/codexproject/YellowRiverMemory/entry/src/main/ets/common/utils/PreferencesHelper.ets:58:16
 Function may throw exceptions. Special handling is required.

WARN: ArkTS:WARN File: E:/codexproject/YellowRiverMemory/entry/src/main/ets/common/utils/PreferencesHelper.ets:63:27
 Function may throw exceptions. Special handling is required.

WARN: ArkTS:WARN File: E:/codexproject/YellowRiverMemory/entry/src/main/ets/common/utils/PreferencesHelper.ets:69:16
 Function may throw exceptions. Special handling is required.

WARN: ArkTS:WARN File: E:/codexproject/YellowRiverMemory/entry/src/main/ets/common/utils/PreferencesHelper.ets:70:16
 Function may throw exceptions. Special handling is required.

WARN: ArkTS:WARN File: E:/codexproject/YellowRiverMemory/entry/src/main/ets/common/utils/PreferencesHelper.ets:75:24
 Function may throw exceptions. Special handling is required.

WARN: ArkTS:WARN File: E:/codexproject/YellowRiverMemory/entry/src/main/ets/common/utils/PreferencesHelper.ets:80:16
 Function may throw exceptions. Special handling is required.

WARN: ArkTS:WARN File: E:/codexproject/YellowRiverMemory/entry/src/main/ets/common/utils/PreferencesHelper.ets:81:16
 Function may throw exceptions. Special handling is required.

WARN: ArkTS:WARN File: E:/codexproject/YellowRiverMemory/entry/src/main/ets/common/utils/PreferencesHelper.ets:86:24
 Function may throw exceptions. Special handling is required.

WARN: ArkTS:WARN File: E:/codexproject/YellowRiverMemory/entry/src/main/ets/common/utils/PreferencesHelper.ets:91:16
 Function may throw exceptions. Special handling is required.

WARN: ArkTS:WARN File: E:/codexproject/YellowRiverMemory/entry/src/main/ets/common/utils/PreferencesHelper.ets:92:16
 Function may throw exceptions. Special handling is required.

WARN: ArkTS:WARN File: E:/codexproject/YellowRiverMemory/entry/src/main/ets/common/utils/PreferencesHelper.ets:97:24
 Function may throw exceptions. Special handling is required.

WARN: ArkTS:WARN File: E:/codexproject/YellowRiverMemory/entry/src/main/ets/common/utils/PreferencesHelper.ets:102:16
 Function may throw exceptions. Special handling is required.

WARN: ArkTS:WARN File: E:/codexproject/YellowRiverMemory/entry/src/main/ets/common/utils/PreferencesHelper.ets:103:16
 Function may throw exceptions. Special handling is required.

WARN: ArkTS:WARN File: E:/codexproject/YellowRiverMemory/entry/src/main/ets/common/utils/PreferencesHelper.ets:108:24
 Function may throw exceptions. Special handling is required.

WARN: ArkTS:WARN File: E:/codexproject/YellowRiverMemory/entry/src/main/ets/common/utils/PreferencesHelper.ets:113:16
 Function may throw exceptions. Special handling is required.

WARN: ArkTS:WARN File: E:/codexproject/YellowRiverMemory/entry/src/main/ets/common/utils/PreferencesHelper.ets:114:16
 Function may throw exceptions. Special handling is required.

WARN: ArkTS:WARN File: E:/codexproject/YellowRiverMemory/entry/src/main/ets/database/LocalRdbHelper.ets:214:47
 Function may throw exceptions. Special handling is required.

WARN: ArkTS:WARN File: E:/codexproject/YellowRiverMemory/entry/src/main/ets/database/LocalRdbHelper.ets:214:90
 Function may throw exceptions. Special handling is required.

WARN: ArkTS:WARN File: E:/codexproject/YellowRiverMemory/entry/src/main/ets/database/LocalRdbHelper.ets:218:76
 Function may throw exceptions. Special handling is required.

WARN: ArkTS:WARN File: E:/codexproject/YellowRiverMemory/entry/src/main/ets/database/LocalRdbHelper.ets:219:24
 Function may throw exceptions. Special handling is required.

WARN: ArkTS:WARN File: E:/codexproject/YellowRiverMemory/entry/src/main/ets/database/LocalRdbHelper.ets:222:35
 Function may throw exceptions. Special handling is required.

WARN: ArkTS:WARN File: E:/codexproject/YellowRiverMemory/entry/src/main/ets/database/LocalRdbHelper.ets:225:47
 Function may throw exceptions. Special handling is required.

WARN: ArkTS:WARN File: E:/codexproject/YellowRiverMemory/entry/src/main/ets/database/LocalRdbHelper.ets:226:47
 Function may throw exceptions. Special handling is required.

WARN: ArkTS:WARN File: E:/codexproject/YellowRiverMemory/entry/src/main/ets/database/LocalRdbHelper.ets:227:48
 Function may throw exceptions. Special handling is required.

WARN: ArkTS:WARN File: E:/codexproject/YellowRiverMemory/entry/src/main/ets/database/LocalRdbHelper.ets:232:27
 Function may throw exceptions. Special handling is required.

WARN: ArkTS:WARN File: E:/codexproject/YellowRiverMemory/entry/src/main/ets/database/LocalRdbHelper.ets:237:32
 Function may throw exceptions. Special handling is required.

WARN: ArkTS:WARN File: E:/codexproject/YellowRiverMemory/entry/src/main/ets/database/LocalRdbHelper.ets:238:27
 Function may throw exceptions. Special handling is required.

WARN: ArkTS:WARN File: E:/codexproject/YellowRiverMemory/entry/src/main/ets/database/LocalRdbHelper.ets:242:30
 Function may throw exceptions. Special handling is required.

WARN: ArkTS:WARN File: E:/codexproject/YellowRiverMemory/entry/src/main/ets/database/LocalRdbHelper.ets:242:65
 Function may throw exceptions. Special handling is required.

WARN: ArkTS:WARN File: E:/codexproject/YellowRiverMemory/entry/src/main/ets/database/LocalRdbHelper.ets:247:30
 Function may throw exceptions. Special handling is required.

WARN: ArkTS:WARN File: E:/codexproject/YellowRiverMemory/entry/src/main/ets/database/LocalRdbHelper.ets:247:70
 Function may throw exceptions. Special handling is required.

WARN: ArkTS:WARN File: E:/codexproject/YellowRiverMemory/entry/src/main/ets/database/LocalRdbHelper.ets:251:30
 Function may throw exceptions. Special handling is required.

WARN: ArkTS:WARN File: E:/codexproject/YellowRiverMemory/entry/src/main/ets/database/LocalRdbHelper.ets:251:62
 Function may throw exceptions. Special handling is required.

WARN: ArkTS:WARN File: E:/codexproject/YellowRiverMemory/entry/src/main/ets/database/LocalRdbHelper.ets:290:21
 Function may throw exceptions. Special handling is required.

WARN: ArkTS:WARN File: E:/codexproject/YellowRiverMemory/entry/src/main/ets/database/LocalRdbHelper.ets:293:21
 Function may throw exceptions. Special handling is required.

WARN: ArkTS:WARN File: E:/codexproject/YellowRiverMemory/entry/src/main/ets/database/LocalRdbHelper.ets:295:19
 Function may throw exceptions. Special handling is required.

WARN: ArkTS:WARN File: E:/codexproject/YellowRiverMemory/entry/src/main/ets/database/LocalRdbHelper.ets:305:55
 Function may throw exceptions. Special handling is required.

WARN: ArkTS:WARN File: E:/codexproject/YellowRiverMemory/entry/src/main/ets/database/LocalRdbHelper.ets:317:55
 Function may throw exceptions. Special handling is required.

WARN: ArkTS:WARN File: E:/codexproject/YellowRiverMemory/entry/src/main/ets/database/LocalRdbHelper.ets:318:19
 Function may throw exceptions. Special handling is required.

WARN: ArkTS:WARN File: E:/codexproject/YellowRiverMemory/entry/src/main/ets/database/LocalRdbHelper.ets:453:30
 Function may throw exceptions. Special handling is required.

WARN: ArkTS:WARN File: E:/codexproject/YellowRiverMemory/entry/src/main/ets/database/LocalRdbHelper.ets:459:18
 Function may throw exceptions. Special handling is required.

WARN: ArkTS:WARN File: E:/codexproject/YellowRiverMemory/entry/src/main/ets/database/AssetRepository.ets:56:31
 Function may throw exceptions. Special handling is required.

WARN: ArkTS:WARN File: E:/codexproject/YellowRiverMemory/entry/src/main/ets/service/DistributedDataService.ets:714:39
 Function may throw exceptions. Special handling is required.

WARN: ArkTS:WARN File: E:/codexproject/YellowRiverMemory/entry/src/main/ets/service/DistributedDataService.ets:726:24
 Function may throw exceptions. Special handling is required.

WARN: ArkTS:WARN File: E:/codexproject/YellowRiverMemory/entry/src/main/ets/service/DistributedDataService.ets:881:26
 Function may throw exceptions. Special handling is required.

WARN: ArkTS:WARN File: E:/codexproject/YellowRiverMemory/entry/src/main/ets/service/DistributedDataService.ets:908:24
 Function may throw exceptions. Special handling is required.

WARN: ArkTS:WARN File: E:/codexproject/YellowRiverMemory/entry/src/main/ets/view/note/NoteEditorPage.ets:155:5
 'AlertDialog' has been deprecated.

WARN: ArkTS:WARN File: E:/codexproject/YellowRiverMemory/entry/src/main/ets/view/note/NoteEditorPage.ets:155:17
 'show' has been deprecated.


> hvigor [32mFinished :entry:default@CompileArkTS... after 2 s 793 ms [39m
> hvigor [32mFinished :entry:default@GeneratePkgModuleJson... after 2 ms [39m
> hvigor [32mFinished :entry:default@ProcessCompiledResources... after 1 ms [39m
> hvigor [32mFinished :entry:default@PackageHap... after 298 ms [39m
> hvigor [32mFinished :entry:default@PackingCheck... after 4 ms [39m
> hvigor WARN: Will skip sign 'hos_hap'. No signingConfigs profile is configured in current project.
             If needed, configure the signingConfigs in E:\codexproject\YellowRiverMemory\build-profile.json5.
> hvigor [32mFinished :entry:default@SignHap... after 1 ms [39m
> hvigor [32mFinished :entry:default@CollectDebugSymbol... after 1 ms [39m
> hvigor [32mFinished :entry:assembleHap... after 1 ms [39m
> hvigor [32mBUILD SUCCESSFUL in 6 s 815 ms [39m

33 tasks in total: 27 executed, 6 up-to-date
